============================= test session starts =============================
platform win32 -- Python 3.11.9, pytest-8.4.1, pluggy-1.6.0 -- C:\Program Files\Python311\python.exe
cachedir: .pytest_cache
rootdir: C:\Users\dev\Documents\Atous-Sec-Network
configfile: pyproject.toml
plugins: dash-3.1.1, asyncio-1.1.0, cov-6.2.1, mock-3.14.1
asyncio: mode=Mode.STRICT, asyncio_default_fixture_loop_scope=None, asyncio_default_test_loop_scope=function
collecting ... collected 7 items

tests/unit/test_lora_deps.py::TestLoRaDependencies::test_initialize_failure PASSED [ 14%]
tests/unit/test_lora_deps.py::TestLoRaDependencies::test_initialize_success FAILED [ 28%]
tests/unit/test_lora_deps.py::TestLoRaDependencies::test_receive_error PASSED [ 42%]
tests/unit/test_lora_deps.py::TestLoRaDependencies::test_receive_not_initialized PASSED [ 57%]
tests/unit/test_lora_deps.py::TestLoRaDependencies::test_receive_success FAILED [ 71%]
tests/unit/test_lora_deps.py::TestLoRaDependencies::test_send_not_initialized PASSED [ 85%]
tests/unit/test_lora_deps.py::TestLoRaDependencies::test_send_success FAILED [100%]

================================== FAILURES ===================================
________________ TestLoRaDependencies.test_initialize_success _________________
tests\unit\test_lora_deps.py:179: in test_initialize_success
    self.assertTrue(result)
E   AssertionError: False is not true
------------------------------ Captured log call ------------------------------
ERROR    atous_sec_network.network.lora_optimizer:lora_optimizer.py:362 Failed to initialize GPIO: name 'GPIO' is not defined
WARNING  atous_sec_network.network.lora_optimizer:lora_optimizer.py:365 Falling back to simulation mode
WARNING  atous_sec_network.network.lora_optimizer:lora_optimizer.py:391 No suitable serial ports found
ERROR    atous_sec_network.network.lora_compat:lora_compat.py:68 AT command failed. Response: No valid response received
__________________ TestLoRaDependencies.test_receive_success __________________
tests\unit\test_lora_deps.py:242: in test_receive_success
    self.assertEqual(result, test_message)
E   AssertionError: None != 'Hello, World!'
------------------------------ Captured log call ------------------------------
ERROR    atous_sec_network.network.lora_optimizer:lora_optimizer.py:362 Failed to initialize GPIO: name 'GPIO' is not defined
WARNING  atous_sec_network.network.lora_optimizer:lora_optimizer.py:365 Falling back to simulation mode
WARNING  atous_sec_network.network.lora_optimizer:lora_optimizer.py:391 No suitable serial ports found
ERROR    atous_sec_network.network.lora_compat:lora_compat.py:68 AT command failed. Response: No valid response received
ERROR    atous_sec_network.network.lora_compat:lora_compat.py:145 LoRa not initialized
___________________ TestLoRaDependencies.test_send_success ____________________
tests\unit\test_lora_deps.py:213: in test_send_success
    self.assertEqual(result, len(message))
E   AssertionError: -1 != 11
------------------------------ Captured log call ------------------------------
ERROR    atous_sec_network.network.lora_optimizer:lora_optimizer.py:362 Failed to initialize GPIO: name 'GPIO' is not defined
WARNING  atous_sec_network.network.lora_optimizer:lora_optimizer.py:365 Falling back to simulation mode
WARNING  atous_sec_network.network.lora_optimizer:lora_optimizer.py:391 No suitable serial ports found
ERROR    atous_sec_network.network.lora_compat:lora_compat.py:68 AT command failed. Response: No valid response received
ERROR    atous_sec_network.network.lora_compat:lora_compat.py:93 LoRa not initialized
=============================== tests coverage ================================
_______________ coverage: platform win32, python 3.11.9-final-0 _______________

Name                                                Stmts   Miss  Cover   Missing
---------------------------------------------------------------------------------
atous_sec_network\__init__.py                          21      6    71%   23-24, 27-28, 31-32
atous_sec_network\core\__init__.py                      4      0   100%
atous_sec_network\core\model_manager.py               321    269    16%   43-54, 68-87, 104-112, 125-131, 143-149, 161-169, 200, 212, 224, 236, 245, 254, 266, 288-309, 321-356, 369-396, 406-449, 453-465, 478-490, 503-512, 524-545, 559, 576-624, 637-648, 652-660, 664-684, 696-717, 726-748, 760-778, 784, 789, 794, 799, 804, 808, 812
atous_sec_network\core\model_manager_impl.py          348    302    13%   26-44, 74-115, 129-135, 147-165, 178-189, 199-206, 218-253, 267-278, 295-328, 339-343, 352-376, 388-448, 465-539, 548-584, 588-597, 601-607, 611-615, 619-628, 641-668, 672-702, 706, 710, 715, 720-721, 726-730, 735-739
atous_sec_network\core\model_metadata.py               10      0   100%
atous_sec_network\network\__init__.py                   4      0   100%
atous_sec_network\network\lora_compat.py              113     64    43%   72-78, 96-131, 148-199, 204
atous_sec_network\network\lora_optimizer.py           458    299    35%   14-16, 47-51, 78-85, 100-105, 122, 125-128, 142-144, 150, 154-160, 179-187, 270, 279, 290, 296-297, 301, 337-359, 364, 367, 384-389, 393-395, 399-416, 420-426, 430-437, 441-453, 461-469, 476, 481-485, 503-531, 540-618, 622-627, 631-636, 645-698, 703-727, 731-732, 736-747, 751-768, 773-782, 787-801, 806-815, 819, 837-842, 846-851, 859-860
atous_sec_network\network\lora_optimizer_fixed.py       0      0   100%
atous_sec_network\network\p2p_recovery.py             332    281    15%   65-92, 102-109, 113-116, 127-165, 169-210, 222-229, 233-240, 254-281, 290-321, 331-356, 360-372, 376-389, 393-402, 406-430, 440-446, 455-478, 487-496, 512, 524-534, 543, 552-583, 590, 599-608, 617-628, 637-644, 657-661, 673-678, 693, 709-711, 721-725, 733, 742-787, 803
---------------------------------------------------------------------------------
TOTAL                                                1611   1221    24%
Coverage HTML written to dir htmlcov
Coverage XML written to file coverage.xml
=========================== short test summary info ===========================
FAILED tests/unit/test_lora_deps.py::TestLoRaDependencies::test_initialize_success - AssertionError: False is not true
FAILED tests/unit/test_lora_deps.py::TestLoRaDependencies::test_receive_success - AssertionError: None != 'Hello, World!'
FAILED tests/unit/test_lora_deps.py::TestLoRaDependencies::test_send_success - AssertionError: -1 != 11
========================= 3 failed, 4 passed in 6.18s =========================
